Microchip MPLAB XC8 Compiler V2.32

Linker command line:

-W-3 \
  --edf=D:\Applications\Programming\Programming Environments\xc8_compiler\pic\dat\en_msgs.txt \
  -cn -h+dist/default/production\src.X.production.sym \
  --cmf=dist/default/production\src.X.production.cmf -z -Q18F4520 \
  -oC:\Users\anton\AppData\Local\Temp\xcAs8ik.5 --defsym=__MPLAB_BUILD=1 \
  -Mdist/default/production/src.X.production.map -E1 -ver=XC8 Compiler \
  --acfsm=1493 -ASTACK=0BAh-05FFh -pstack=STACK -ACODE=00h-07FFFh \
  -ACONST=00h-07FFFh -ASMALLCONST=0600h-06FFhx122 \
  -AMEDIUMCONST=0600h-07FFFh -ACOMRAM=01h-07Fh -AABS1=00h-05FFh \
  -ABIGRAM=01h-05FFh -ARAM=080h-0FFh,0100h-01FFhx5 -ABANK0=080h-0FFh \
  -ABANK1=0100h-01FFh -ABANK2=0200h-02FFh -ABANK3=0300h-03FFh \
  -ABANK4=0400h-04FFh -ABANK5=0500h-05FFh -ASFR=0F80h-0FFFh \
  -ACONFIG=0300000h-030000Dh -AIDLOC=0200000h-0200007h \
  -AEEDATA=0F00000h-0F000FFh -peeprom_data=EEDATA \
  -preset_vec=00h,intcode=08h,intcodelo,powerup,init -pramtop=0600h \
  -psmallconst=SMALLCONST -pmediumconst=MEDIUMCONST -pconst=CONST \
  -AFARRAM=00h-00h \
  -prdata=COMRAM,nvrram=COMRAM,nvbit=COMRAM,rbss=COMRAM,rbit=COMRAM \
  -pfarbss=FARRAM,fardata=FARRAM,nvFARRAM=FARRAM \
  -pintsave_regs=BIGRAM,bigbss=BIGRAM,bigdata=BIGRAM -pbss=RAM \
  -pidata=CODE,irdata=CODE,ibigdata=CODE,ifardata=CODE -prparam=COMRAM \
  C:\Users\anton\AppData\Local\Temp\xcAs8ik.o \
  dist/default/production\src.X.production.o 

Object code version is 3.11

Machine type is 18F4520



                Name                               Link     Load   Length Selector   Space Scale
C:\Users\anton\AppData\Local\Temp\xcAs8ik.o
                idloc                            200000   200000        8        0       5
                config                           300000   300000        E        0       4
                init                                  E        E        4        4       0
                reset_vec                             0        0        4        0       0
dist/default/production\src.X.production.o
                intcode                               8        8        6        4       0
                idloc                            200000   200000        8        0       5
                config                           300000   300000        E        0       4
                temp                                 68       68        1        1       1
                smallconst                          600      600        8      300       0
                text19                             1048     1048       B0      304       0
                text18                              D62      D62       C4      304       0
                text17                             1460     1460       16      304       0
                text16                             1190     1190       96      304       0
                text15                              9FC      9FC      1A4      304       0
                text14                             129C     129C       72      304       0
                text13                             1422     1422       26      304       0
                text12                              EE0      EE0       B6      304       0
                text11                             136A     136A       56      304       0
                intcode_body                        BA0      BA0       FC      304       0
                text9                               F96      F96       B2      304       0
                text8                               C9C      C9C       C6      304       0
                text7                              1448     1448       18      304       0
                text6                              10F8     10F8       98      304       0
                text5                               850      850      1AC      304       0
                text4                              1226     1226       76      304       0
                text3                              13FA     13FA       28      304       0
                text2                               E26      E26       BA      304       0
                text1                              130E     130E       5C      304       0
                text0                               608      608      248      304       0
                cstackCOMRAM                          1        1       37        1       1
                cstackBANK0                          80       80       31       80       1
                dataBANK0                            B1       B1        9       80       1
                bssCOMRAM                            38       38       30        1       1
                cinit                              13C0     13C0       3A      304       0
                idataBANK0                         1476     1476        9      304       0

TOTAL           Name                               Link     Load   Length     Space
        CLASS   STACK          

        CLASS   CODE           
                intcode                               8        8        6         0
                init                                  E        E        4         0
                reset_vec                             0        0        4         0
                text19                             1048     1048       B0         0
                text18                              D62      D62       C4         0
                text17                             1460     1460       16         0
                text16                             1190     1190       96         0
                text15                              9FC      9FC      1A4         0
                text14                             129C     129C       72         0
                text13                             1422     1422       26         0
                text12                              EE0      EE0       B6         0
                text11                             136A     136A       56         0
                intcode_body                        BA0      BA0       FC         0
                text9                               F96      F96       B2         0
                text8                               C9C      C9C       C6         0
                text7                              1448     1448       18         0
                text6                              10F8     10F8       98         0
                text5                               850      850      1AC         0
                text4                              1226     1226       76         0
                text3                              13FA     13FA       28         0
                text2                               E26      E26       BA         0
                text1                              130E     130E       5C         0
                text0                               608      608      248         0
                cinit                              13C0     13C0       3A         0
                idataBANK0                         1476     1476        9         0

        CLASS   CONST          

        CLASS   SMALLCONST     
                smallconst                          600      600        8         0

        CLASS   MEDIUMCONST    

        CLASS   COMRAM         
                temp                                 68       68        1         1
                cstackCOMRAM                          1        1       37         1
                bssCOMRAM                            38       38       30         1

        CLASS   ABS1           

        CLASS   BIGRAM         

        CLASS   RAM            

        CLASS   BANK0          
                cstackBANK0                          80       80       31         1
                dataBANK0                            B1       B1        9         1

        CLASS   BANK1          

        CLASS   BANK2          

        CLASS   BANK3          

        CLASS   BANK4          

        CLASS   BANK5          

        CLASS   SFR            

        CLASS   CONFIG         
                config                           300000   300000        E         4

        CLASS   IDLOC          
                idloc                            200000   200000        8         5

        CLASS   EEDATA         

        CLASS   FARRAM         



SEGMENTS        Name                           Load    Length   Top    Selector   Space  Class

                reset_vec                      000000  000004  000004         0       0  CODE    
                cstackCOMRAM                   000001  000068  000069         1       1  COMRAM  
                intcode                        000008  00000A  000012         4       0  CODE    
                cstackBANK0                    000080  00003A  0000BA        80       1  BANK0   
                smallconst                     000600  000008  000608       300       0  SMALLCON
                text0                          000608  000E77  00147F       304       0  CODE    


UNUSED ADDRESS RANGES

        Name                Unused          Largest block    Delta
        BANK0            0000BA-0000FF               46
        BANK1            000100-0001FF              100
        BANK2            000200-0002FF              100
        BANK3            000300-0003FF              100
        BANK4            000400-0004FF              100
        BANK5            000500-0005FF              100
        BIGRAM           000069-00007F               17
                         0000BA-0005FF              546
        CODE             000004-000007                4
                         000012-0005FF              5EE
                         00147F-007FFF             6B81
        COMRAM           000069-00007F               17
        CONST            000004-000007                4
                         000012-0005FF              5EE
                         00147F-007FFF             6B81
        EEDATA           F00000-F000FF              100
        MEDIUMCONST      00147F-007FFF             6B81
        RAM              0000BA-0005FF              100
        SFR              000F80-000FFF               80
        SMALLCONST       00147F-007FFF              100
        STACK            0000BA-0005FF              546

                                  Symbol Table

?___awdiv                          cstackBANK0  000080
?___awmod                          cstackBANK0  000080
?_printf                           cstackBANK0  00009C
?_vfpfcnvrt                        cstackBANK0  00008A
?_vfprintf                         cstackBANK0  000094
?i2___awdiv                        cstackCOMRAM 000001
?i2___awmod                        cstackCOMRAM 000001
?i2_printf                         cstackCOMRAM 00001D
?i2_vfpfcnvrt                      cstackCOMRAM 00000B
?i2_vfprintf                       cstackCOMRAM 000015
_ADCON1bits                        (abs)        000FC1
_INTCON                            (abs)        000FF2
_LATA                              (abs)        000F89
_LATB                              (abs)        000F8A
_LATD                              (abs)        000F8C
_PIE1bits                          (abs)        000F9D
_PIR1bits                          (abs)        000F9E
_PORTCbits                         (abs)        000F82
_RCSTAbits                         (abs)        000FAB
_T1CONbits                         (abs)        000FCD
_TMR1                              (abs)        000FCE
_TMR1IF                            (abs)        007CF0
_TRISA                             (abs)        000F92
_TRISB                             (abs)        000F93
_TRISCbits                         (abs)        000F94
_TRISD                             (abs)        000F95
_TXREG                             (abs)        000FAD
_TXSTAbits                         (abs)        000FAC
__HRAM                             (abs)        000000
__Habs1                            abs1         000000
__Hbank0                           bank0        000000
__Hbank1                           bank1        000000
__Hbank2                           bank2        000000
__Hbank3                           bank3        000000
__Hbank4                           bank4        000000
__Hbank5                           bank5        000000
__Hbigbss                          bigbss       000000
__Hbigdata                         bigdata      000000
__Hbigram                          bigram       000000
__Hbss                             bss          000000
__HbssCOMRAM                       bssCOMRAM    000000
__Hcinit                           cinit        000000
__Hclrtext                         clrtext      000000
__Hcomram                          comram       000000
__Hconfig                          config       30000E
__Hconst                           const        000000
__HcstackBANK0                     cstackBANK0  000000
__HcstackCOMRAM                    cstackCOMRAM 000000
__Hdata                            data         000000
__HdataBANK0                       dataBANK0    000000
__Heeprom_data                     eeprom_data  000000
__Hfarbss                          farbss       000000
__Hfardata                         fardata      000000
__Hibigdata                        ibigdata     000000
__Hidata                           idata        000000
__HidataBANK0                      idataBANK0   000000
__Hidloc                           idloc        200008
__Hifardata                        ifardata     000000
__Hinit                            init         000012
__Hintcode                         intcode      00000E
__Hintcode_body                    intcode_body 000000
__Hintcodelo                       intcodelo    00000E
__Hintentry                        intentry     000000
__Hintret                          intret       000000
__Hintsave_regs                    intsave_regs 000000
__Hirdata                          irdata       000000
__Hmediumconst                     mediumconst  000000
__HnvFARRAM                        nvFARRAM     000000
__Hnvbit                           nvbit        000000
__Hnvrram                          nvrram       000000
__Hparam                           rparam       000000
__Hpowerup                         powerup      00000E
__Hram                             ram          000000
__Hramtop                          ramtop       000600
__Hrbit                            rbit         000000
__Hrbss                            rbss         000000
__Hrdata                           rdata        000000
__Hreset_vec                       reset_vec    000004
__Hrparam                          rparam       000000
__Hsfr                             sfr          000000
__Hsmallconst                      smallconst   000608
__Hspace_0                         (abs)        00147F
__Hspace_1                         (abs)        0000BA
__Hspace_2                         (abs)        000000
__Hspace_4                         (abs)        60000E
__Hstack                           stack        000000
__Hstruct                          struct       000000
__Htemp                            temp         000069
__Htext                            text         000000
__Htext0                           text0        000000
__Htext1                           text1        000000
__Htext11                          text11       000000
__Htext12                          text12       000000
__Htext13                          text13       000000
__Htext14                          text14       000000
__Htext15                          text15       000000
__Htext16                          text16       000000
__Htext17                          text17       000000
__Htext18                          text18       000000
__Htext19                          text19       000000
__Htext2                           text2        000000
__Htext3                           text3        000000
__Htext4                           text4        000000
__Htext5                           text5        000000
__Htext6                           text6        000000
__Htext7                           text7        000000
__Htext8                           text8        000000
__Htext9                           text9        000000
__LRAM                             (abs)        000001
__Labs1                            abs1         000000
__Lbank0                           bank0        000000
__Lbank1                           bank1        000000
__Lbank2                           bank2        000000
__Lbank3                           bank3        000000
__Lbank4                           bank4        000000
__Lbank5                           bank5        000000
__Lbigbss                          bigbss       000000
__Lbigdata                         bigdata      000000
__Lbigram                          bigram       000000
__Lbss                             bss          000000
__LbssCOMRAM                       bssCOMRAM    000000
__Lcinit                           cinit        000000
__Lclrtext                         clrtext      000000
__Lcomram                          comram       000000
__Lconfig                          config       000000
__Lconst                           const        000000
__LcstackBANK0                     cstackBANK0  000000
__LcstackCOMRAM                    cstackCOMRAM 000000
__Ldata                            data         000000
__LdataBANK0                       dataBANK0    000000
__Leeprom_data                     eeprom_data  000000
__Lfarbss                          farbss       000000
__Lfardata                         fardata      000000
__Libigdata                        ibigdata     000000
__Lidata                           idata        000000
__LidataBANK0                      idataBANK0   000000
__Lidloc                           idloc        000000
__Lifardata                        ifardata     000000
__Linit                            init         00000E
__Lintcode                         intcode      000008
__Lintcode_body                    intcode_body 000000
__Lintcodelo                       intcodelo    00000E
__Lintentry                        intentry     000000
__Lintret                          intret       000000
__Lintsave_regs                    intsave_regs 000000
__Lirdata                          irdata       000000
__Lmediumconst                     mediumconst  000000
__LnvFARRAM                        nvFARRAM     000000
__Lnvbit                           nvbit        000000
__Lnvrram                          nvrram       000000
__Lparam                           rparam       000000
__Lpowerup                         powerup      00000E
__Lram                             ram          000000
__Lramtop                          ramtop       000600
__Lrbit                            rbit         000000
__Lrbss                            rbss         000000
__Lrdata                           rdata        000000
__Lreset_vec                       reset_vec    000000
__Lrparam                          rparam       000000
__Lsfr                             sfr          000000
__Lsmallconst                      smallconst   000600
__Lspace_0                         (abs)        000000
__Lspace_1                         (abs)        000000
__Lspace_2                         (abs)        000000
__Lspace_4                         (abs)        000000
__Lstack                           stack        000000
__Lstruct                          struct       000000
__Ltemp                            temp         000068
__Ltext                            text         000000
__Ltext0                           text0        000000
__Ltext1                           text1        000000
__Ltext11                          text11       000000
__Ltext12                          text12       000000
__Ltext13                          text13       000000
__Ltext14                          text14       000000
__Ltext15                          text15       000000
__Ltext16                          text16       000000
__Ltext17                          text17       000000
__Ltext18                          text18       000000
__Ltext19                          text19       000000
__Ltext2                           text2        000000
__Ltext3                           text3        000000
__Ltext4                           text4        000000
__Ltext5                           text5        000000
__Ltext6                           text6        000000
__Ltext7                           text7        000000
__Ltext8                           text8        000000
__Ltext9                           text9        000000
__S0                               (abs)        00147F
__S1                               (abs)        0000BA
__S2                               (abs)        000000
__S4                               (abs)        000000
__S5                               (abs)        000000
___awdiv                           text8        000C9C
___awdiv@counter                   cstackBANK0  000084
___awdiv@dividend                  cstackBANK0  000080
___awdiv@divisor                   cstackBANK0  000082
___awdiv@quotient                  cstackBANK0  000086
___awdiv@sign                      cstackBANK0  000085
___awmod                           text9        000F96
___awmod@counter                   cstackBANK0  000084
___awmod@dividend                  cstackBANK0  000080
___awmod@divisor                   cstackBANK0  000082
___awmod@sign                      cstackBANK0  000085
___inthi_sp                        stack        000000
___intlo_sp                        stack        000000
___param_bank                      (abs)        000000
___rparam_used                     (abs)        000001
___sp                              stack        000000
__accesstop                        (abs)        000080
__activetblptr                     (abs)        000002
__end_of___awdiv                   text8        000D62
__end_of___awmod                   text9        001048
__end_of__initialization           cinit        0013EC
__end_of_fputc                     text6        001190
__end_of_main                      text0        000850
__end_of_output                    text1        00136A
__end_of_print_binary              text2        000EE0
__end_of_printf                    text3        001422
__end_of_putch                     text7        001460
__end_of_timer_overflow_interrupt  intcode_body 000C9C
__end_of_vfpfcnvrt                 text5        0009FC
__end_of_vfprintf                  text4        00129C
__end_ofi2___awdiv                 text18       000E26
__end_ofi2___awmod                 text19       0010F8
__end_ofi2_fputc                   text16       001226
__end_ofi2_output                  text11       0013C0
__end_ofi2_print_binary            text12       000F96
__end_ofi2_printf                  text13       001448
__end_ofi2_putch                   text17       001476
__end_ofi2_vfpfcnvrt               text15       000BA0
__end_ofi2_vfprintf                text14       00130E
__initialization                   cinit        0013C0
__mediumconst                      mediumconst  000000
__pbssCOMRAM                       bssCOMRAM    000038
__pcinit                           cinit        0013C0
__pcstackBANK0                     cstackBANK0  000080
__pcstackCOMRAM                    cstackCOMRAM 000001
__pdataBANK0                       dataBANK0    0000B1
__pidataBANK0                      idataBANK0   001476
__pintcode                         intcode      000008
__pintcode_body                    intcode_body 000BA0
__psmallconst                      smallconst   000600
__ptext0                           text0        000608
__ptext1                           text1        00130E
__ptext11                          text11       00136A
__ptext12                          text12       000EE0
__ptext13                          text13       001422
__ptext14                          text14       00129C
__ptext15                          text15       0009FC
__ptext16                          text16       001190
__ptext17                          text17       001460
__ptext18                          text18       000D62
__ptext19                          text19       001048
__ptext2                           text2        000E26
__ptext3                           text3        0013FA
__ptext4                           text4        001226
__ptext5                           text5        000850
__ptext6                           text6        0010F8
__ptext7                           text7        001448
__ptext8                           text8        000C9C
__ptext9                           text9        000F96
__ramtop                           ramtop       000600
__size_of___awdiv                  (abs)        000000
__size_of___awmod                  (abs)        000000
__size_of_fputc                    (abs)        000000
__size_of_main                     (abs)        000000
__size_of_output                   (abs)        000000
__size_of_print_binary             (abs)        000000
__size_of_printf                   (abs)        000000
__size_of_putch                    (abs)        000000
__size_of_timer_overflow_interrupt (abs)        000000
__size_of_vfpfcnvrt                (abs)        000000
__size_of_vfprintf                 (abs)        000000
__size_ofi2___awdiv                (abs)        000000
__size_ofi2___awmod                (abs)        000000
__size_ofi2_fputc                  (abs)        000000
__size_ofi2_output                 (abs)        000000
__size_ofi2_print_binary           (abs)        000000
__size_ofi2_printf                 (abs)        000000
__size_ofi2_putch                  (abs)        000000
__size_ofi2_vfpfcnvrt              (abs)        000000
__size_ofi2_vfprintf               (abs)        000000
__smallconst                       smallconst   000600
_flags                             bssCOMRAM    00005E
_fputc                             text6        0010F8
_hour                              bssCOMRAM    000060
_main                              text0        000608
_milisecond                        bssCOMRAM    000066
_minute                            bssCOMRAM    000062
_nout                              bssCOMRAM    000058
_output                            text1        00130E
_prec                              bssCOMRAM    00005C
_print_binary                      text2        000E26
_printf                            text3        0013FA
_putch                             text7        001448
_second                            bssCOMRAM    000064
_timer_overflow_interrupt          intcode      000008
_vfpfcnvrt                         text5        000850
_vfprintf                          text4        001226
_width                             bssCOMRAM    00005A
btemp                              temp         000068
end_of_initialization              cinit        0013EC
fputc@c                            cstackBANK0  000081
fputc@fp                           cstackBANK0  000083
i2___awdiv                         text18       000D62
i2___awdiv@counter                 cstackCOMRAM 000005
i2___awdiv@dividend                cstackCOMRAM 000001
i2___awdiv@divisor                 cstackCOMRAM 000003
i2___awdiv@quotient                cstackCOMRAM 000007
i2___awdiv@sign                    cstackCOMRAM 000006
i2___awmod                         text19       001048
i2___awmod@counter                 cstackCOMRAM 000005
i2___awmod@dividend                cstackCOMRAM 000001
i2___awmod@divisor                 cstackCOMRAM 000003
i2___awmod@sign                    cstackCOMRAM 000006
i2_fputc                           text16       001190
i2_output                          text11       00136A
i2_print_binary                    text12       000EE0
i2_printf                          text13       001422
i2_putch                           text17       001460
i2_vfpfcnvrt                       text15       0009FC
i2_vfprintf                        text14       00129C
i2fputc@c                          cstackCOMRAM 000002
i2fputc@fp                         cstackCOMRAM 000004
i2print_binary@binary              cstackCOMRAM 000025
i2print_binary@i                   cstackCOMRAM 00002E
i2print_binary@num                 cstackCOMRAM 000021
i2printf@ap                        cstackCOMRAM 00001F
i2printf@fmt                       cstackCOMRAM 00001D
i2putch@data                       cstackCOMRAM 000001
i2vfpfcnvrt@ap                     cstackCOMRAM 00000F
i2vfpfcnvrt@fmt                    cstackCOMRAM 00000D
i2vfpfcnvrt@fp                     cstackCOMRAM 00000B
i2vfpfcnvrt@vp                     cstackCOMRAM 000013
i2vfprintf@ap                      cstackCOMRAM 000019
i2vfprintf@cfmt                    cstackCOMRAM 00001B
i2vfprintf@fmt                     cstackCOMRAM 000017
i2vfprintf@fp                      cstackCOMRAM 000015
int$flags                          temp         000068
int_func                           intcode_body 000BA0
intlevel0                          text         000000
intlevel1                          text         000000
intlevel2                          text         000000
intlevel3                          text         000000
isa$std                            (abs)        000001
isa$xinst                          (abs)        000000
print_binary@F2857                 dataBANK0    0000B1
print_binary@binary                cstackBANK0  0000A4
print_binary@i                     cstackBANK0  0000AD
print_binary@num                   cstackBANK0  0000A0
printf@ap                          cstackBANK0  00009E
printf@fmt                         cstackBANK0  00009C
putch@data                         cstackBANK0  000080
stackhi                            (abs)        0005FF
stacklo                            (abs)        0000BA
start                              init         00000E
start_initialization               cinit        0013C0
ttemp5                             temp         000069
ttemp6                             temp         00006C
ttemp7                             temp         000070
vfpfcnvrt@ap                       cstackBANK0  00008E
vfpfcnvrt@fmt                      cstackBANK0  00008C
vfpfcnvrt@fp                       cstackBANK0  00008A
vfpfcnvrt@vp                       cstackBANK0  000092
vfprintf@ap                        cstackBANK0  000098
vfprintf@cfmt                      cstackBANK0  00009A
vfprintf@fmt                       cstackBANK0  000096
vfprintf@fp                        cstackBANK0  000094
wtemp8                             temp         000069


MODULE INFORMATION

Module		Function		Class		Link	Load	Size
D:\Applications\Programming\Programming Environments\xc8_compiler\pic\sources\c99\common\awmod.c
		___awmod       		CODE           	0F96	0000	178

D:\Applications\Programming\Programming Environments\xc8_compiler\pic\sources\c99\common\awmod.c estimated size: 178

D:\Applications\Programming\Programming Environments\xc8_compiler\pic\sources\c99\common\doprnt.c
		_vfpfcnvrt     		CODE           	0850	0000	428
		_vfprintf      		CODE           	1226	0000	118

D:\Applications\Programming\Programming Environments\xc8_compiler\pic\sources\c99\common\doprnt.c estimated size: 546

D:\Applications\Programming\Programming Environments\xc8_compiler\pic\sources\c99\common\awdiv.c
		___awdiv       		CODE           	0C9C	0000	198

D:\Applications\Programming\Programming Environments\xc8_compiler\pic\sources\c99\common\awdiv.c estimated size: 198

D:\Applications\Programming\Programming Environments\xc8_compiler\pic\sources\c99\common\nf_fputc.c
		_fputc         		CODE           	10F8	0000	152

D:\Applications\Programming\Programming Environments\xc8_compiler\pic\sources\c99\common\nf_fputc.c estimated size: 152

Main.c
		_putch         		CODE           	1448	0000	24
		_main          		CODE           	0608	0000	584
		_output        		CODE           	130E	0000	92
		_timer_overflow_interrupt		CODE           	0008	0000	258
		_print_binary  		CODE           	0E26	0000	186

Main.c estimated size: 1144

shared
		i2_printf      		CODE           	1422	0000	38
		i2_vfpfcnvrt   		CODE           	09FC	0000	420
		i2_putch       		CODE           	1460	0000	22
		i2_vfprintf    		CODE           	129C	0000	114
		i2_print_binary		CODE           	0EE0	0000	182
		i2___awdiv     		CODE           	0D62	0000	196
		__initialization		CODE           	13C0	0000	44
		i2_output      		CODE           	136A	0000	86
		i2___awmod     		CODE           	1048	0000	176
		i2_fputc       		CODE           	1190	0000	150

shared estimated size: 1428

D:\Applications\Programming\Programming Environments\xc8_compiler\pic\sources\c99\common\printf.c
		_printf        		CODE           	13FA	0000	40

D:\Applications\Programming\Programming Environments\xc8_compiler\pic\sources\c99\common\printf.c estimated size: 40

